
> rental-saas-frontend@1.0.0 build
> react-scripts build

Creating an optimized production build...
Compiled successfully.

File sizes after gzip:

  278.67 kB  build\static\js\main.5f3cf5d0.js
  10.48 kB   build\static\css\main.827d5349.css

The project was built assuming it is hosted at /.
You can control this with the homepage field in your package.json.

The build folder is ready to be deployed.
You may serve it with a static server:

  serve -s build

Find out more about deployment here:

  https://cra.link/deployment

Build finished with exit code 0
